  姝ｅ湪纭畾瑕佽繕鍘熺殑椤圭洰鈥?
  鎵€鏈夐」鐩潎鏄渶鏂扮殑锛屾棤娉曡繕鍘熴€?
  NewLife.Remoting -> c:\X\NewLife.Remoting\Bin\net10.0\NewLife.Remoting.dll
  NewLife.Remoting.Extensions -> c:\X\NewLife.Remoting\Bin\net10.0\NewLife.Remoting.Extensions.dll
  XUnitTest -> c:\X\NewLife.Remoting\Bin\UnitTest\net10.0\XUnitTest.dll
c:\X\NewLife.Remoting\Bin\UnitTest\net10.0\XUnitTest.dll (.NETCoreApp,Version=v10.0)鐨勬祴璇曡繍琛?
鎬诲叡 1 涓祴璇曟枃浠朵笌鎸囧畾妯″紡鐩稿尮閰嶃€?

宸查€氳繃! - 澶辫触:     0锛岄€氳繃:     9锛屽凡璺宠繃:     0锛屾€昏:     9锛屾寔缁椂闂? 2 s - XUnitTest.dll (net10.0)
